---
source: crates/ruff_python_parser/tests/preorder.rs
expression: trace
---
- ModModule
  - StmtFunctionDef
    - Parameters
      - ParameterWithDefault
        - Parameter
      - ParameterWithDefault
        - Parameter
        - ExprNumberLiteral
      - ParameterWithDefault
        - Parameter
        - ExprNumberLiteral
      - Parameter
    - StmtPass
