---
source: crates/ruff_python_parser/tests/preorder.rs
expression: trace
---
- ModModule
  - StmtExpr
    - ExprFString
      - StringLiteral
      - FString
        - FStringLiteralElement
        - FStringExpressionElement
          - ExprName
          - FStringLiteralElement
          - FStringExpressionElement
            - ExprName
          - FStringLiteralElement
        - FStringLiteralElement
