---
source: crates/ruff_python_parser/tests/preorder.rs
expression: trace
---
- ModModule
  - StmtExpr
    - ExprListComp
      - ExprName
      - Comprehension
        - ExprName
        - ExprName
