---
source: crates/ruff_python_parser/tests/preorder.rs
expression: trace
---
- ModModule
  - StmtExpr
    - ExprBytesLiteral
      - BytesLiteral
      - BytesLiteral
      - BytesLiteral
