---
source: crates/ruff_python_parser/tests/visitor.rs
expression: trace
---
- StmtExpr
  - ExprStringLiteral
    - StringLiteral
    - StringLiteral
    - StringLiteral
