---
source: crates/ruff_python_parser/tests/visitor.rs
expression: trace
---
- StmtExpr
  - ExprSetComp
    - Comprehension
      - ExprName
      - ExprName
    - ExprName
